"09.03.2014 19:22:46,66" 
"09.03.2014 19:22:57,46" 
